package root

type Status int

const (
	StatusInactive Status = iota

	// --- Non-default values ---

	StatusActive
)

type Greeter interface {
	Greet(name string) string
}

type User struct {
	Name string
}

var _ Greeter = (*User)(nil)

func (s *User) Greet(name string) string {
	panic("not implemented")
}
